gravlax-prepare-n1000000-t1-r1 PASS 2.400s 182.2MiB 
sql-prepare-n1000000-t1-r1 PASS 6.544s 504.2MiB 
gravlax-region-full-n1000000-t1-r1 PASS 0.098s 68.8MiB 
gravlax-region-window-n1000000-t1-r1 PASS 0.015s 18.9MiB 
sql-region-full-labels-n1000000-t1-r1 PASS 0.310s 65.8MiB 
sql-region-full-families-n1000000-t1-r1 PASS 0.107s 35.7MiB 
sql-region-window-labels-n1000000-t1-r1 PASS 0.054s 36.0MiB 
sql-region-window-families-n1000000-t1-r1 PASS 0.028s 30.9MiB 
gravlax-prepare-n1000000-t1-r2 PASS 2.240s 182.8MiB 
sql-prepare-n1000000-t1-r2 PASS 6.375s 504.0MiB 
gravlax-region-full-n1000000-t1-r2 PASS 0.096s 68.4MiB 
gravlax-region-window-n1000000-t1-r2 PASS 0.021s 18.9MiB 
sql-region-full-labels-n1000000-t1-r2 PASS 0.310s 65.8MiB 
sql-region-full-families-n1000000-t1-r2 PASS 0.111s 35.7MiB 
sql-region-window-labels-n1000000-t1-r2 PASS 0.050s 35.9MiB 
sql-region-window-families-n1000000-t1-r2 PASS 0.038s 30.6MiB 
gravlax-prepare-n1000000-t1-r3 PASS 2.237s 183.0MiB 
sql-prepare-n1000000-t1-r3 PASS 6.352s 506.2MiB 
gravlax-region-full-n1000000-t1-r3 PASS 0.091s 68.8MiB 
gravlax-region-window-n1000000-t1-r3 PASS 0.019s 18.9MiB 
sql-region-full-labels-n1000000-t1-r3 PASS 0.306s 65.7MiB 
sql-region-full-families-n1000000-t1-r3 PASS 0.113s 35.5MiB 
sql-region-window-labels-n1000000-t1-r3 PASS 0.053s 36.0MiB 
sql-region-window-families-n1000000-t1-r3 PASS 0.039s 31.1MiB 
gravlax-prepare-n1000000-t4-r1 PASS 1.311s 425.9MiB 
sql-prepare-n1000000-t4-r1 PASS 3.462s 648.8MiB 
gravlax-region-full-n1000000-t4-r1 PASS 0.073s 78.4MiB 
gravlax-region-window-n1000000-t4-r1 PASS 0.017s 18.6MiB 
sql-region-full-labels-n1000000-t4-r1 PASS 0.114s 88.9MiB 
sql-region-full-families-n1000000-t4-r1 PASS 0.058s 40.3MiB 
sql-region-window-labels-n1000000-t4-r1 PASS 0.063s 41.5MiB 
sql-region-window-families-n1000000-t4-r1 PASS 0.033s 32.6MiB 
gravlax-prepare-n1000000-t4-r2 PASS 1.306s 426.1MiB 
sql-prepare-n1000000-t4-r2 PASS 3.427s 823.9MiB 
gravlax-region-full-n1000000-t4-r2 PASS 0.063s 78.9MiB 
gravlax-region-window-n1000000-t4-r2 PASS 0.018s 18.9MiB 
sql-region-full-labels-n1000000-t4-r2 PASS 0.113s 88.9MiB 
sql-region-full-families-n1000000-t4-r2 PASS 0.061s 41.1MiB 
sql-region-window-labels-n1000000-t4-r2 PASS 0.060s 41.1MiB 
sql-region-window-families-n1000000-t4-r2 PASS 0.030s 32.5MiB 
gravlax-prepare-n1000000-t4-r3 PASS 1.289s 425.0MiB 
sql-prepare-n1000000-t4-r3 PASS 3.768s 826.4MiB 
gravlax-region-full-n1000000-t4-r3 PASS 0.069s 79.4MiB 
gravlax-region-window-n1000000-t4-r3 PASS 0.022s 19.1MiB 
sql-region-full-labels-n1000000-t4-r3 PASS 0.115s 88.4MiB 
sql-region-full-families-n1000000-t4-r3 PASS 0.056s 40.5MiB 
sql-region-window-labels-n1000000-t4-r3 PASS 0.056s 41.5MiB 
sql-region-window-families-n1000000-t4-r3 PASS 0.031s 32.8MiB 
gravlax-prepare-n2000000-t1-r1 PASS 4.412s 271.1MiB 
sql-prepare-n2000000-t1-r1 PASS 12.922s 840.6MiB 
gravlax-region-full-n2000000-t1-r1 PASS 0.180s 124.5MiB 
gravlax-region-window-n2000000-t1-r1 PASS 0.022s 18.9MiB 
sql-region-full-labels-n2000000-t1-r1 PASS 0.586s 103.8MiB 
sql-region-full-families-n2000000-t1-r1 PASS 0.201s 42.6MiB 
sql-region-window-labels-n2000000-t1-r1 PASS 0.055s 36.1MiB 
sql-region-window-families-n2000000-t1-r1 PASS 0.033s 31.2MiB 
gravlax-prepare-n2000000-t1-r2 PASS 4.445s 270.7MiB 
sql-prepare-n2000000-t1-r2 PASS 12.623s 840.0MiB 
gravlax-region-full-n2000000-t1-r2 PASS 0.179s 124.0MiB 
gravlax-region-window-n2000000-t1-r2 PASS 0.021s 18.9MiB 
sql-region-full-labels-n2000000-t1-r2 PASS 0.583s 104.5MiB 
sql-region-full-families-n2000000-t1-r2 PASS 0.200s 43.0MiB 
sql-region-window-labels-n2000000-t1-r2 PASS 0.058s 35.9MiB 
sql-region-window-families-n2000000-t1-r2 PASS 0.030s 31.4MiB 
gravlax-prepare-n2000000-t1-r3 PASS 4.446s 271.1MiB 
sql-prepare-n2000000-t1-r3 PASS 12.585s 839.9MiB 
gravlax-region-full-n2000000-t1-r3 PASS 0.183s 124.3MiB 
gravlax-region-window-n2000000-t1-r3 PASS 0.019s 19.4MiB 
sql-region-full-labels-n2000000-t1-r3 PASS 0.595s 103.2MiB 
sql-region-full-families-n2000000-t1-r3 PASS 0.197s 42.6MiB 
sql-region-window-labels-n2000000-t1-r3 PASS 0.055s 36.0MiB 
sql-region-window-families-n2000000-t1-r3 PASS 0.038s 31.1MiB 
gravlax-prepare-n2000000-t4-r1 PASS 2.586s 514.4MiB 
sql-prepare-n2000000-t4-r1 PASS 6.511s 1272.3MiB 
gravlax-region-full-n2000000-t4-r1 PASS 0.120s 132.0MiB 
gravlax-region-window-n2000000-t4-r1 PASS 0.019s 18.8MiB 
sql-region-full-labels-n2000000-t4-r1 PASS 0.188s 125.6MiB 
sql-region-full-families-n2000000-t4-r1 PASS 0.087s 47.7MiB 
sql-region-window-labels-n2000000-t4-r1 PASS 0.051s 41.9MiB 
sql-region-window-families-n2000000-t4-r1 PASS 0.037s 33.1MiB 
gravlax-prepare-n2000000-t4-r2 PASS 2.551s 515.5MiB 
sql-prepare-n2000000-t4-r2 PASS 6.529s 1287.1MiB 
gravlax-region-full-n2000000-t4-r2 PASS 0.113s 132.7MiB 
gravlax-region-window-n2000000-t4-r2 PASS 0.015s 19.1MiB 
sql-region-full-labels-n2000000-t4-r2 PASS 0.195s 125.5MiB 
sql-region-full-families-n2000000-t4-r2 PASS 0.090s 48.2MiB 
sql-region-window-labels-n2000000-t4-r2 PASS 0.055s 41.6MiB 
sql-region-window-families-n2000000-t4-r2 PASS 0.035s 32.8MiB 
gravlax-prepare-n2000000-t4-r3 PASS 2.510s 514.1MiB 
sql-prepare-n2000000-t4-r3 PASS 6.583s 1277.3MiB 
gravlax-region-full-n2000000-t4-r3 PASS 0.117s 131.6MiB 
gravlax-region-window-n2000000-t4-r3 PASS 0.016s 19.1MiB 
sql-region-full-labels-n2000000-t4-r3 PASS 0.199s 125.2MiB 
sql-region-full-families-n2000000-t4-r3 PASS 0.093s 48.6MiB 
sql-region-window-labels-n2000000-t4-r3 PASS 0.052s 41.9MiB 
sql-region-window-families-n2000000-t4-r3 PASS 0.030s 33.0MiB 
gravlax-prepare-n4000000-t1-r1 PASS 8.557s 454.5MiB 
sql-prepare-n4000000-t1-r1 PASS 25.435s 1492.0MiB 
gravlax-region-full-n4000000-t1-r1 PASS 0.358s 246.7MiB 
gravlax-region-window-n4000000-t1-r1 PASS 0.019s 19.1MiB 
sql-region-full-labels-n4000000-t1-r1 PASS 1.207s 179.0MiB 
sql-region-full-families-n4000000-t1-r1 PASS 0.391s 52.8MiB 
sql-region-window-labels-n4000000-t1-r1 PASS 0.053s 35.8MiB 
sql-region-window-families-n4000000-t1-r1 PASS 0.039s 31.2MiB 
gravlax-prepare-n4000000-t1-r2 PASS 8.543s 455.0MiB 
sql-prepare-n4000000-t1-r2 PASS 25.252s 1496.4MiB 
gravlax-region-full-n4000000-t1-r2 PASS 0.355s 246.5MiB 
gravlax-region-window-n4000000-t1-r2 PASS 0.023s 19.1MiB 
sql-region-full-labels-n4000000-t1-r2 PASS 1.196s 178.3MiB 
sql-region-full-families-n4000000-t1-r2 PASS 0.389s 52.7MiB 
sql-region-window-labels-n4000000-t1-r2 PASS 0.051s 36.3MiB 
sql-region-window-families-n4000000-t1-r2 PASS 0.036s 31.2MiB 
gravlax-prepare-n4000000-t1-r3 PASS 8.540s 453.4MiB 
sql-prepare-n4000000-t1-r3 PASS 25.186s 1492.8MiB 
gravlax-region-full-n4000000-t1-r3 PASS 0.374s 246.2MiB 
gravlax-region-window-n4000000-t1-r3 PASS 0.022s 19.2MiB 
sql-region-full-labels-n4000000-t1-r3 PASS 1.216s 178.8MiB 
sql-region-full-families-n4000000-t1-r3 PASS 0.404s 52.1MiB 
sql-region-window-labels-n4000000-t1-r3 PASS 0.053s 36.2MiB 
sql-region-window-families-n4000000-t1-r3 PASS 0.036s 31.4MiB 
gravlax-prepare-n4000000-t4-r1 PASS 5.179s 698.3MiB 
sql-prepare-n4000000-t4-r1 PASS 13.209s 2268.2MiB 
gravlax-region-full-n4000000-t4-r1 PASS 0.252s 260.8MiB 
gravlax-region-window-n4000000-t4-r1 PASS 0.016s 18.8MiB 
sql-region-full-labels-n4000000-t4-r1 PASS 0.383s 221.9MiB 
sql-region-full-families-n4000000-t4-r1 PASS 0.141s 60.1MiB 
sql-region-window-labels-n4000000-t4-r1 PASS 0.051s 42.0MiB 
sql-region-window-families-n4000000-t4-r1 PASS 0.029s 33.0MiB 
gravlax-prepare-n4000000-t4-r2 PASS 5.128s 699.1MiB 
sql-prepare-n4000000-t4-r2 PASS 13.014s 2330.8MiB 
gravlax-region-full-n4000000-t4-r2 PASS 0.249s 257.3MiB 
gravlax-region-window-n4000000-t4-r2 PASS 0.016s 19.2MiB 
sql-region-full-labels-n4000000-t4-r2 PASS 0.382s 223.3MiB 
sql-region-full-families-n4000000-t4-r2 PASS 0.142s 60.4MiB 
sql-region-window-labels-n4000000-t4-r2 PASS 0.052s 41.6MiB 
sql-region-window-families-n4000000-t4-r2 PASS 0.031s 32.2MiB 
gravlax-prepare-n4000000-t4-r3 PASS 5.016s 698.9MiB 
sql-prepare-n4000000-t4-r3 PASS 13.100s 2028.5MiB 
gravlax-region-full-n4000000-t4-r3 PASS 0.238s 258.8MiB 
gravlax-region-window-n4000000-t4-r3 PASS 0.018s 19.1MiB 
sql-region-full-labels-n4000000-t4-r3 PASS 0.385s 222.7MiB 
sql-region-full-families-n4000000-t4-r3 PASS 0.139s 61.5MiB 
sql-region-window-labels-n4000000-t4-r3 PASS 0.051s 41.9MiB 
sql-region-window-families-n4000000-t4-r3 PASS 0.038s 32.6MiB 
