pattern #3 stats: 0 patterns, 0 alt entries, 0 distinct (chrom,offset) hops (0.00x hop sharing), 0.0% alts share the anchor's shape
section                 raw         zstd
meta                    267          189
alignment.provenance         1957          966
chroms                 1922          357
cells                167832       167844
shapes               217111       134929
patterns                  0            9
rans.tables            1123          182
c0                   356028       124800
c1                   137316        50611
c2                   327883       137750
c3                   185576        79293
c4                   235945        97951
c5                   964822       455594
c6                   658671       252979
c7                   380857       155676
c8                   327186       138950
c9                   290526       122341
c10                  359852       142836
c11                  814530       342621
c12                  132883        58600
c13                  218269        92118
c14                  213287        72769
c15                   71071        32500
c16                  140180        60588
c17                   80979        36447
c18                   22692        10847
c19                  101026        43179
c20                    8018         3922
c21                   58768        25319
index.chunks            360          369
coc.0                 90361        90370
coc.1                 89347        89356
coc.2                 88422        87931
coc.3                 90667        90102
coc.4                 89683        89692
coc.5                 89296        89305
coc.6                 89528        89537
coc.7                 89613        89622
coc.8                 91396        91405
coc.9                 71516        71525
index.junctions        38266        32087
index.jpost           21971         3738
index.cellpost       113932         7227
edges                 98002        81756
TOTAL                            3846189  (46.75 bits/molecule over 658163 molecules)
wrote /root/duckseq/demos/aie/work/real-comparison/archive-n2000000-t1-r3.aie (3849948 bytes)
