pattern #3 stats: 0 patterns, 0 alt entries, 0 distinct (chrom,offset) hops (0.00x hop sharing), 0.0% alts share the anchor's shape
section                 raw         zstd
meta                    269          190
alignment.provenance         1958          969
chroms                 1922          357
cells                281040       281055
shapes               356429       217750
patterns                  0            9
rans.tables            1122          170
c0                   355842       124650
c1                   137236        50520
c2                   327631       137547
c3                   185527        79242
c4                   235817        97812
c5                   969056       458478
c6                   658092       252370
c7                   380691       155509
c8                   326991       138749
c9                   290353       122216
c10                  359713       142694
c11                  815267       346149
c12                  132763        58306
c13                  218130        91947
c14                  213069        72508
c15                   71026        32431
c16                  140149        60546
c17                   80994        36462
c18                   22676        10842
c19                  100959        43104
c20                    8012         3912
c21                  146270        62587
c22                  206471        88214
c23                  520917       196624
c24                  168847        69574
c25                  113331        48232
c26                   29304        13671
c27                  370351       148413
c28                  204099        84937
c29                  125432        53285
c30                   32587        12668
c31                     135          111
c32                    1101          561
c33                  252012        99149
c34                  699588       262760
c35                 3171889      1083030
c36                  327042       130399
c37                   33104        14176
index.chunks            624          619
coc.0                 91142        91151
coc.1                 89665        89674
coc.2                 89107        88490
coc.3                 91582        90738
coc.4                 90224        90233
coc.5                 89906        89915
coc.6                 89967        89976
coc.7                 89960        89969
coc.8                 91386        91395
coc.9                 90909        90918
coc.10                90347        89974
coc.11                89521        89530
coc.12                90048        90057
coc.13                89366        89375
coc.14                85105        80948
coc.15                71586        35739
coc.16                70886        38398
coc.17                79630        44156
coc.18                84661        57737
coc.19                78635        78644
index.junctions        60694        50686
index.jpost           35033         6139
index.cellpost       201451        21353
edges                219089       187414
TOTAL                            7248113  (43.43 bits/molecule over 1335244 molecules)
wrote /root/duckseq/demos/aie/work/real-comparison/archive-n4000000-t1-r2.aie (7254012 bytes)
